make: Entering directory '/home/rohan/fpga/chip-rl/.chiprl/verilator/tree_arch_hdl_2aaaaaaa'
g++ -Os  -I.  -MMD -I/usr/share/verilator/include -I/usr/share/verilator/include/vltstd -DVM_COVERAGE=0 -DVM_SC=0 -DVM_TRACE=0 -DVM_TRACE_FST=0 -DVM_TRACE_VCD=0 -faligned-new -fcf-protection=none -Wno-bool-operation -Wno-overloaded-virtual -Wno-shadow -Wno-sign-compare -Wno-uninitialized -Wno-unused-but-set-parameter -Wno-unused-but-set-variable -Wno-unused-parameter -Wno-unused-variable     -DVL_TIME_CONTEXT   -fcoroutines -c -o verilated.o /usr/share/verilator/include/verilated.cpp
g++ -Os  -I.  -MMD -I/usr/share/verilator/include -I/usr/share/verilator/include/vltstd -DVM_COVERAGE=0 -DVM_SC=0 -DVM_TRACE=0 -DVM_TRACE_FST=0 -DVM_TRACE_VCD=0 -faligned-new -fcf-protection=none -Wno-bool-operation -Wno-overloaded-virtual -Wno-shadow -Wno-sign-compare -Wno-uninitialized -Wno-unused-but-set-parameter -Wno-unused-but-set-variable -Wno-unused-parameter -Wno-unused-variable     -DVL_TIME_CONTEXT   -fcoroutines -c -o verilated_timing.o /usr/share/verilator/include/verilated_timing.cpp
g++ -Os  -I.  -MMD -I/usr/share/verilator/include -I/usr/share/verilator/include/vltstd -DVM_COVERAGE=0 -DVM_SC=0 -DVM_TRACE=0 -DVM_TRACE_FST=0 -DVM_TRACE_VCD=0 -faligned-new -fcf-protection=none -Wno-bool-operation -Wno-overloaded-virtual -Wno-shadow -Wno-sign-compare -Wno-uninitialized -Wno-unused-but-set-parameter -Wno-unused-but-set-variable -Wno-unused-parameter -Wno-unused-variable     -DVL_TIME_CONTEXT   -fcoroutines -c -o verilated_threads.o /usr/share/verilator/include/verilated_threads.cpp
/usr/bin/python3 /usr/share/verilator/bin/verilator_includer -DVL_INCLUDE_OPT=include Vtb.cpp Vtb___024root__DepSet_hfe20aad3__0.cpp Vtb___024root__DepSet_ha183790c__0.cpp Vtb__main.cpp Vtb___024root__Slow.cpp Vtb___024root__DepSet_hfe20aad3__0__Slow.cpp Vtb___024root__DepSet_ha183790c__0__Slow.cpp Vtb__Syms.cpp > Vtb__ALL.cpp
g++ -Os  -I.  -MMD -I/usr/share/verilator/include -I/usr/share/verilator/include/vltstd -DVM_COVERAGE=0 -DVM_SC=0 -DVM_TRACE=0 -DVM_TRACE_FST=0 -DVM_TRACE_VCD=0 -faligned-new -fcf-protection=none -Wno-bool-operation -Wno-overloaded-virtual -Wno-shadow -Wno-sign-compare -Wno-uninitialized -Wno-unused-but-set-parameter -Wno-unused-but-set-variable -Wno-unused-parameter -Wno-unused-variable     -DVL_TIME_CONTEXT   -fcoroutines -c -o Vtb__ALL.o Vtb__ALL.cpp
echo "" > Vtb__ALL.verilator_deplist.tmp
Archive ar -rcs Vtb__ALL.a Vtb__ALL.o
g++     verilated.o verilated_timing.o verilated_threads.o Vtb__ALL.a    -pthread -lpthread -latomic   -o Vtb
rm Vtb__ALL.verilator_deplist.tmp
make: Leaving directory '/home/rohan/fpga/chip-rl/.chiprl/verilator/tree_arch_hdl_2aaaaaaa'
%Warning-DECLFILENAME: /home/rohan/fpga/chip-rl/rtl/generated/popcount32_tree_arch_seed/mask_2aaaaaaa.v:3:8: Filename 'mask_2aaaaaaa' does not match MODULE name: 'popcount32_tree'
    3 | module popcount32_tree (
      |        ^~~~~~~~~~~~~~~
                       ... For warning description see https://verilator.org/warn/DECLFILENAME?v=5.020
                       ... Use "/* verilator lint_off DECLFILENAME */" and lint_on around source to disable this message.
%Warning-DECLFILENAME: /home/rohan/fpga/chip-rl/sim/tb_popcount32_tree.sv:2:8: Filename 'tb_popcount32_tree' does not match MODULE name: 'tb'
    2 | module tb;
      |        ^~
%Warning-TIMESCALEMOD: /home/rohan/fpga/chip-rl/rtl/generated/popcount32_tree_arch_seed/mask_2aaaaaaa.v:3:8: Timescale missing on this module as other modules have it (IEEE 1800-2017 3.14.2.3)
    3 | module popcount32_tree (
      |        ^~~~~~~~~~~~~~~
                       /home/rohan/fpga/chip-rl/sim/tb_popcount32_tree.sv:2:8: ... Location of module with timescale
    2 | module tb;
      |        ^~
%Warning-UNUSEDSIGNAL: /home/rohan/fpga/chip-rl/rtl/generated/popcount32_tree_arch_seed/mask_2aaaaaaa.v:5:26: Signal is not used: 'b_i'
                                                                                                            : ... note: In instance 'tb.dut'
    5 |   input wire [31:0] a_i, b_i,
      |                          ^~~
%Warning-BLKSEQ: /home/rohan/fpga/chip-rl/sim/tb_popcount32_tree.sv:11:15: Blocking assignment '=' in sequential logic process
                                                                         : ... Suggest using delayed assignment '<='
   11 | always #5 clk = ~clk;
      |               ^
