{
  "evaluation_id": "8d352da32e740ffc",
  "benchmark": "cmp32",
  "candidate": "rtl/cmp32/baseline.v",
  "fingerprint": {
    "schema_version": "4",
    "benchmark": "cmp32",
    "top_module": "cmp32",
    "rtl_sha256": "089154d415659bbc6471ae4aef1f99be85521855895d2491cdd110f22058c411",
    "testbench_sha256": "d4093b3bba5acb823148b41952b773d818d1010b388958d3beece58e06423a92",
    "reference_rtl_sha256": "fa06060709e81db902e21281443c9adf2998c0631c1f17001048c5e7bfdb1be4",
    "orfs_config_sha256": "66fd36626e4d049321e11fd1b34850ad2ab11117fd7a53a3364a376393439174",
    "sdc_sha256": "b5e6230b0bf7e6945c3cbc62439c32c4fa687b06f16216d8c0a1eee74dba00df",
    "formal_seq": 4,
    "or_image": "openroad/orfs:local",
    "or_image_id": "sha256:8cae1bdb8296eed70b4d981696b0f29aa7faeb61b64b1f2950506aaac65ef442",
    "orfs_git_commit": "3a964e13f11a4e435aac01ffa14db0a7d2853720",
    "verilator": "Verilator 5.020 2024-01-01 rev (Debian 5.020-1)"
  },
  "environment": {
    "python": "3.12.3",
    "platform": "Linux-7.0.0-31-generic-x86_64-with-glibc2.39",
    "verilator": "Verilator 5.020 2024-01-01 rev (Debian 5.020-1)",
    "or_image": "openroad/orfs:local",
    "or_image_id": "sha256:8cae1bdb8296eed70b4d981696b0f29aa7faeb61b64b1f2950506aaac65ef442",
    "orfs_git_commit": "3a964e13f11a4e435aac01ffa14db0a7d2853720"
  },
  "functional": true,
  "formal_ok": true,
  "synthesis_ok": true,
  "place_route_ok": true,
  "area": 268.926,
  "cells": 322,
  "wns": 7.62112,
  "tns": 0,
  "hold_wns": 0.157662,
  "setup_violations": 0,
  "hold_violations": 0,
  "power_w": 2.21576e-05,
  "fmax_hz": 4379570000.0,
  "runtime_s": 20.179,
  "verilator_runtime_s": 3.535,
  "formal_runtime_s": 0.191,
  "orfs_runtime_s": 16.451,
  "proxy_reward_v0": 75.942274,
  "gds": "results/nangate45/cmp32/eval_8d352da32e740ffc/6_final.gds",
  "metrics_file": "results/evaluations/cmp32/8d352da32e740ffc.metrics.json",
  "cache_hit": false
}
