{
  "evaluation_id": "000c2e133ceade25",
  "benchmark": "popcount32",
  "candidate": "rtl/popcount32/baseline.v",
  "fingerprint": {
    "schema_version": "4",
    "benchmark": "popcount32",
    "top_module": "popcount32",
    "rtl_sha256": "7e0acb3226a5fe02046046a989f7169767fe73c70be1d8ef489c5c7238f7bfbc",
    "testbench_sha256": "c1a5d78a4f343ab73115a81a5a61fc52d962b70d5cfe1b3c46026638018fa53e",
    "reference_rtl_sha256": "521827f08b81c45a50d91c1b1df707b6fb4d824ee85b462d6856a111adeae5cc",
    "orfs_config_sha256": "8fcb12e18ae980236a82bb38067d4b583ec601e652109d339a88237c012a8d57",
    "sdc_sha256": "0cb073a314990ed9149b89c9b012980ab7eb1f666ef5122454980ba7e0a692d4",
    "formal_seq": 4,
    "or_image": "openroad/orfs:local",
    "or_image_id": "sha256:8cae1bdb8296eed70b4d981696b0f29aa7faeb61b64b1f2950506aaac65ef442",
    "orfs_git_commit": "3a964e13f11a4e435aac01ffa14db0a7d2853720",
    "verilator": "Verilator 5.020 2024-01-01 rev (Debian 5.020-1)"
  },
  "environment": {
    "python": "3.12.3",
    "platform": "Linux-7.0.0-31-generic-x86_64-with-glibc2.39",
    "verilator": "Verilator 5.020 2024-01-01 rev (Debian 5.020-1)",
    "or_image": "openroad/orfs:local",
    "or_image_id": "sha256:8cae1bdb8296eed70b4d981696b0f29aa7faeb61b64b1f2950506aaac65ef442",
    "orfs_git_commit": "3a964e13f11a4e435aac01ffa14db0a7d2853720"
  },
  "functional": true,
  "formal_ok": true,
  "synthesis_ok": true,
  "place_route_ok": true,
  "area": 264.67,
  "cells": 242,
  "wns": 7.01636,
  "tns": 0,
  "hold_wns": 0.109969,
  "setup_violations": 0,
  "hold_violations": 0,
  "power_w": 0.000129465,
  "fmax_hz": 5450270000.0,
  "runtime_s": 20.732,
  "verilator_runtime_s": 3.605,
  "formal_runtime_s": 0.359,
  "orfs_runtime_s": 16.767,
  "proxy_reward_v0": 69.89893,
  "gds": "results/nangate45/popcount32/eval_000c2e133ceade25/6_final.gds",
  "metrics_file": "results/evaluations/popcount32/000c2e133ceade25.metrics.json",
  "cache_hit": false
}
