{
  "evaluation_id": "94de82341a789b3f",
  "benchmark": "priority32",
  "candidate": "rtl/priority32/baseline.v",
  "fingerprint": {
    "schema_version": "4",
    "benchmark": "priority32",
    "top_module": "priority32",
    "rtl_sha256": "d0de0b02061eb178bb924ff69c61c2bf8a2bfbfcd3fc02a708c1b76c0cdb7577",
    "testbench_sha256": "768e58d530627bd6b31763a6fc26a81a6a7d84b351a7525b589ed53185ea70f9",
    "reference_rtl_sha256": "371114b19b04cc39b3e2f72cf16a20a2a5f1452c0287900d07a66aaabf0db984",
    "orfs_config_sha256": "acf51e038c1140a689545412e0eb75aa0ce4b95e2b1476134765540c40fd1af9",
    "sdc_sha256": "e737f4b31f683205ad0ed8fd6e58cf29936ff5e62e94c0d85fe1757e333a6785",
    "formal_seq": 4,
    "or_image": "openroad/orfs:local",
    "or_image_id": "sha256:8cae1bdb8296eed70b4d981696b0f29aa7faeb61b64b1f2950506aaac65ef442",
    "orfs_git_commit": "3a964e13f11a4e435aac01ffa14db0a7d2853720",
    "verilator": "Verilator 5.020 2024-01-01 rev (Debian 5.020-1)"
  },
  "environment": {
    "python": "3.12.3",
    "platform": "Linux-7.0.0-31-generic-x86_64-with-glibc2.39",
    "verilator": "Verilator 5.020 2024-01-01 rev (Debian 5.020-1)",
    "or_image": "openroad/orfs:local",
    "or_image_id": "sha256:8cae1bdb8296eed70b4d981696b0f29aa7faeb61b64b1f2950506aaac65ef442",
    "orfs_git_commit": "3a964e13f11a4e435aac01ffa14db0a7d2853720"
  },
  "functional": true,
  "formal_ok": true,
  "synthesis_ok": true,
  "place_route_ok": true,
  "area": 208.81,
  "cells": 266,
  "wns": 7.64557,
  "tns": 0,
  "hold_wns": 0.109636,
  "setup_violations": 0,
  "hold_violations": 0,
  "power_w": 1.92811e-05,
  "fmax_hz": 3218380000.0,
  "runtime_s": 22.467,
  "verilator_runtime_s": 3.857,
  "formal_runtime_s": 0.222,
  "orfs_runtime_s": 18.387,
  "proxy_reward_v0": 76.24689,
  "gds": "results/nangate45/priority32/eval_94de82341a789b3f/6_final.gds",
  "metrics_file": "results/evaluations/priority32/94de82341a789b3f.metrics.json",
  "cache_hit": false
}
